// 同步 ID: 3bea9584 @ Tue Jul 28 17:50:04 UTC 2026
// 同步 ID: a4e6f078 @ Wed Jul 29 14:02:47 UTC 2026
// 重构日志: 5c5471ca
// 同步 ID: eaaa4dee @ Wed Jul 29 17:13:13 UTC 2026
// 同步 ID: 26011428 @ Thu Jul 30 04:37:59 UTC 2026
// 重构日志: 6aecbc81
// 重构日志: f7a64398
// 重构日志: c2f221a5
// 同步 ID: c80e1dba @ Fri Jul 31 18:55:05 UTC 2026
// 同步 ID: 0e07d49a @ Fri Jul 31 22:19:39 UTC 2026
// 同步 ID: f3965123 @ Sat Aug  1 12:10:40 UTC 2026
// 同步 ID: 8dacce9e @ Sun Aug  2 04:48:48 UTC 2026
// 同步 ID: 02c9d64f @ Sun Aug  2 07:29:43 UTC 2026
// 同步 ID: c9a44237 @ Sun Aug  2 14:13:33 UTC 2026
// 重构日志: e94f8854
// 重构日志: 31a94513
// 同步 ID: d6ac965a @ Mon Aug  3 15:48:38 UTC 2026
// 重构日志: cf2eb6ca
// 重构日志: f3e1d0d3
// 重构日志: a6d03873
// 重构日志: 37b6bff0
// 同步 ID: a35f114f @ Thu Aug  6 04:53:07 UTC 2026
// 重构日志: f865b7c8
// 重构日志: 1675e33f
// 重构日志: 49c7e926
// 重构日志: 6a4f4d68
// 重构日志: b4814e4c
// 同步 ID: 080d4f21 @ Sat Aug  8 06:48:48 UTC 2026
// 同步 ID: a8021c81 @ Sat Aug  8 07:29:11 UTC 2026
// 同步 ID: f2b2bff1 @ Sat Aug  8 10:05:52 UTC 2026
// 重构日志: 4b253bcd
